IndexerCommandCustom
	SourceFilePath: "src/a.txt"
	Custom Command: "echo "Hello World""
	Arguments:
IndexerCommandCustom
	SourceFilePath: "src/b.txt"
	Custom Command: "echo "Hello World""
	Arguments:
IndexerCommandCustom
	SourceFilePath: "src/included/a.txt"
	Custom Command: "echo "Hello World""
	Arguments:
