FILE: TypeParameterValueProvider.java
SYMBOL_PACKAGE: com.github.javaparser.symbolsolver.model.typesystem.parametrization [TypeParameterValueProvider.java <1:61 1:75>]
QUALIFIER: com.github.javaparser.symbolsolver.model.typesystem [TypeParameterValueProvider.java <1:50 1:59>]
QUALIFIER: com.github.javaparser.symbolsolver.model.typesystem [TypeParameterValueProvider.java <4:49 4:58>]
QUALIFIER: com.github.javaparser.symbolsolver.model.typesystem [TypeParameterValueProvider.java <5:49 5:58>]
SYMBOL_PACKAGE: com.github.javaparser.symbolsolver.model.typesystem
QUALIFIER: com.github.javaparser.symbolsolver.model [TypeParameterValueProvider.java <1:44 1:48>]
QUALIFIER: com.github.javaparser.symbolsolver.model [TypeParameterValueProvider.java <3:43 3:47>]
QUALIFIER: com.github.javaparser.symbolsolver.model [TypeParameterValueProvider.java <4:43 4:47>]
QUALIFIER: com.github.javaparser.symbolsolver.model [TypeParameterValueProvider.java <5:43 5:47>]
SYMBOL_PACKAGE: com.github.javaparser.symbolsolver.model
QUALIFIER: com.github.javaparser.symbolsolver [TypeParameterValueProvider.java <1:31 1:42>]
QUALIFIER: com.github.javaparser.symbolsolver [TypeParameterValueProvider.java <3:30 3:41>]
QUALIFIER: com.github.javaparser.symbolsolver [TypeParameterValueProvider.java <4:30 4:41>]
QUALIFIER: com.github.javaparser.symbolsolver [TypeParameterValueProvider.java <5:30 5:41>]
SYMBOL_PACKAGE: com.github.javaparser.symbolsolver
QUALIFIER: com.github.javaparser [TypeParameterValueProvider.java <1:20 1:29>]
QUALIFIER: com.github.javaparser [TypeParameterValueProvider.java <3:19 3:28>]
QUALIFIER: com.github.javaparser [TypeParameterValueProvider.java <4:19 4:28>]
QUALIFIER: com.github.javaparser [TypeParameterValueProvider.java <5:19 5:28>]
SYMBOL_PACKAGE: com.github.javaparser
QUALIFIER: com.github [TypeParameterValueProvider.java <1:13 1:18>]
QUALIFIER: com.github [TypeParameterValueProvider.java <3:12 3:17>]
QUALIFIER: com.github [TypeParameterValueProvider.java <4:12 4:17>]
QUALIFIER: com.github [TypeParameterValueProvider.java <5:12 5:17>]
SYMBOL_PACKAGE: com.github
QUALIFIER: com [TypeParameterValueProvider.java <1:9 1:11>]
QUALIFIER: com [TypeParameterValueProvider.java <3:8 3:10>]
QUALIFIER: com [TypeParameterValueProvider.java <4:8 4:10>]
QUALIFIER: com [TypeParameterValueProvider.java <5:8 5:10>]
SYMBOL_PACKAGE: com
QUALIFIER: com.github.javaparser.symbolsolver.model.declarations [TypeParameterValueProvider.java <3:49 3:60>]
SYMBOL_PACKAGE: com.github.javaparser.symbolsolver.model.declarations
QUALIFIER: com.github.javaparser.symbolsolver.model.typesystem.Wildcard [TypeParameterValueProvider.java <37:24 37:31>]
QUALIFIER: com.github.javaparser.symbolsolver.model.typesystem.Wildcard [TypeParameterValueProvider.java <39:24 39:31>]
QUALIFIER: java.util [TypeParameterValueProvider.java <7:13 7:16>]
SYMBOL_PACKAGE: java.util
QUALIFIER: java [TypeParameterValueProvider.java <7:8 7:11>]
SYMBOL_PACKAGE: java
SYMBOL_INTERFACE: public com.github.javaparser.symbolsolver.model.typesystem.parametrization.TypeParameterValueProvider [TypeParameterValueProvider.java <12:1 <12:18 12:43> 51:1>]
SYMBOL_METHOD: default java.util.Optional<com.github.javaparser.symbolsolver.model.typesystem.Type> com.github.javaparser.symbolsolver.model.typesystem.parametrization.TypeParameterValueProvider.typeParamValue(com.github.javaparser.symbolsolver.model.declarations.TypeParameterDeclaration) [TypeParameterValueProvider.java <18:1 <18:1 <18:20 18:33> 18:84> 18:85>]
SYMBOL_METHOD: default com.github.javaparser.symbolsolver.model.typesystem.Type com.github.javaparser.symbolsolver.model.typesystem.parametrization.TypeParameterValueProvider.useThisTypeParametersOnTheGivenType(com.github.javaparser.symbolsolver.model.typesystem.Type) [TypeParameterValueProvider.java <24:1 <24:1 <24:18 24:52> 24:63> 48:5>]
SYMBOL_METHOD: boolean com.github.javaparser.symbolsolver.model.typesystem.Type.isTypeVariable()
SYMBOL_METHOD: com.github.javaparser.symbolsolver.model.declarations.TypeParameterDeclaration com.github.javaparser.symbolsolver.model.typesystem.Type.asTypeParameter()
SYMBOL_METHOD: boolean com.github.javaparser.symbolsolver.model.declarations.TypeParameterDeclaration.declaredOnType()
SYMBOL_METHOD: boolean java.util.Optional<T>.isPresent()
SYMBOL_METHOD: java.util.Optional<T>.T java.util.Optional<T>.get()
SYMBOL_METHOD: boolean com.github.javaparser.symbolsolver.model.typesystem.Type.isWildcard()
SYMBOL_METHOD: boolean com.github.javaparser.symbolsolver.model.typesystem.Wildcard.isBounded()
SYMBOL_METHOD: com.github.javaparser.symbolsolver.model.typesystem.Wildcard com.github.javaparser.symbolsolver.model.typesystem.Type.asWildcard()
SYMBOL_METHOD: boolean com.github.javaparser.symbolsolver.model.typesystem.Wildcard.isExtends()
SYMBOL_METHOD: static com.github.javaparser.symbolsolver.model.typesystem.Wildcard com.github.javaparser.symbolsolver.model.typesystem.Wildcard.extendsBound(com.github.javaparser.symbolsolver.model.typesystem.Type)
SYMBOL_METHOD: com.github.javaparser.symbolsolver.model.typesystem.Type com.github.javaparser.symbolsolver.model.typesystem.Wildcard.getBoundedType()
SYMBOL_METHOD: static com.github.javaparser.symbolsolver.model.typesystem.Wildcard com.github.javaparser.symbolsolver.model.typesystem.Wildcard.superBound(com.github.javaparser.symbolsolver.model.typesystem.Type)
SYMBOL_METHOD: boolean com.github.javaparser.symbolsolver.model.typesystem.Type.isReferenceType()
SYMBOL_METHOD: com.github.javaparser.symbolsolver.model.typesystem.Type com.github.javaparser.symbolsolver.model.typesystem.ReferenceType.transformTypeParameters(com.github.javaparser.symbolsolver.model.typesystem.TypeTransformer)
SYMBOL_METHOD: com.github.javaparser.symbolsolver.model.typesystem.ReferenceType com.github.javaparser.symbolsolver.model.typesystem.Type.asReferenceType()
SYMBOL_METHOD: default java.util.Optional<com.github.javaparser.symbolsolver.model.typesystem.Type> com.github.javaparser.symbolsolver.model.typesystem.parametrization.TypeParameterValueProvider.getGenericParameterByName(java.lang.String) [TypeParameterValueProvider.java <50:5 <50:5 <50:20 50:44> 50:57> 50:58>]
SYMBOL_PACKAGE: java.lang
REFERENCE_IMPORT: TypeParameterValueProvider.java -> com.github.javaparser.symbolsolver.model.declarations.TypeParameterDeclaration [TypeParameterValueProvider.java <3:62 3:85>]
REFERENCE_IMPORT: TypeParameterValueProvider.java -> com.github.javaparser.symbolsolver.model.typesystem.Type [TypeParameterValueProvider.java <4:60 4:63>]
REFERENCE_IMPORT: TypeParameterValueProvider.java -> com.github.javaparser.symbolsolver.model.typesystem.Wildcard [TypeParameterValueProvider.java <5:60 5:67>]
REFERENCE_IMPORT: TypeParameterValueProvider.java -> java.util.Optional<T> [TypeParameterValueProvider.java <7:18 7:25>]
REFERENCE_TYPE_ARGUMENT: java.util.Optional<T> -> com.github.javaparser.symbolsolver.model.typesystem.Type [TypeParameterValueProvider.java <18:14 18:17>]
REFERENCE_TYPE_ARGUMENT: java.util.Optional<T> -> com.github.javaparser.symbolsolver.model.typesystem.Type [TypeParameterValueProvider.java <28:26 28:29>]
REFERENCE_TYPE_ARGUMENT: java.util.Optional<T> -> com.github.javaparser.symbolsolver.model.typesystem.Type [TypeParameterValueProvider.java <50:14 50:17>]
REFERENCE_TYPE_USAGE: java.util.Optional<com.github.javaparser.symbolsolver.model.typesystem.Type> com.github.javaparser.symbolsolver.model.typesystem.parametrization.TypeParameterValueProvider.typeParamValue(com.github.javaparser.symbolsolver.model.declarations.TypeParameterDeclaration) -> java.util.Optional<T> [TypeParameterValueProvider.java <18:5 18:12>]
REFERENCE_TYPE_USAGE: java.util.Optional<com.github.javaparser.symbolsolver.model.typesystem.Type> com.github.javaparser.symbolsolver.model.typesystem.parametrization.TypeParameterValueProvider.typeParamValue(com.github.javaparser.symbolsolver.model.declarations.TypeParameterDeclaration) -> com.github.javaparser.symbolsolver.model.typesystem.Type [TypeParameterValueProvider.java <18:14 18:17>]
REFERENCE_TYPE_USAGE: java.util.Optional<com.github.javaparser.symbolsolver.model.typesystem.Type> com.github.javaparser.symbolsolver.model.typesystem.parametrization.TypeParameterValueProvider.typeParamValue(com.github.javaparser.symbolsolver.model.declarations.TypeParameterDeclaration) -> com.github.javaparser.symbolsolver.model.declarations.TypeParameterDeclaration [TypeParameterValueProvider.java <18:35 18:58>]
REFERENCE_TYPE_USAGE: com.github.javaparser.symbolsolver.model.typesystem.Type com.github.javaparser.symbolsolver.model.typesystem.parametrization.TypeParameterValueProvider.useThisTypeParametersOnTheGivenType(com.github.javaparser.symbolsolver.model.typesystem.Type) -> com.github.javaparser.symbolsolver.model.typesystem.Type [TypeParameterValueProvider.java <24:13 24:16>]
REFERENCE_TYPE_USAGE: com.github.javaparser.symbolsolver.model.typesystem.Type com.github.javaparser.symbolsolver.model.typesystem.parametrization.TypeParameterValueProvider.useThisTypeParametersOnTheGivenType(com.github.javaparser.symbolsolver.model.typesystem.Type) -> com.github.javaparser.symbolsolver.model.typesystem.Type [TypeParameterValueProvider.java <24:54 24:57>]
REFERENCE_TYPE_USAGE: com.github.javaparser.symbolsolver.model.typesystem.Type com.github.javaparser.symbolsolver.model.typesystem.parametrization.TypeParameterValueProvider.useThisTypeParametersOnTheGivenType(com.github.javaparser.symbolsolver.model.typesystem.Type) -> com.github.javaparser.symbolsolver.model.typesystem.Type [TypeParameterValueProvider.java <28:26 28:29>]
REFERENCE_CALL: com.github.javaparser.symbolsolver.model.typesystem.Type com.github.javaparser.symbolsolver.model.typesystem.parametrization.TypeParameterValueProvider.useThisTypeParametersOnTheGivenType(com.github.javaparser.symbolsolver.model.typesystem.Type) -> boolean com.github.javaparser.symbolsolver.model.typesystem.Type.isTypeVariable() [TypeParameterValueProvider.java <25:18 25:31>]
REFERENCE_TYPE_USAGE: com.github.javaparser.symbolsolver.model.typesystem.Type com.github.javaparser.symbolsolver.model.typesystem.parametrization.TypeParameterValueProvider.useThisTypeParametersOnTheGivenType(com.github.javaparser.symbolsolver.model.typesystem.Type) -> com.github.javaparser.symbolsolver.model.declarations.TypeParameterDeclaration [TypeParameterValueProvider.java <26:13 26:36>]
REFERENCE_CALL: com.github.javaparser.symbolsolver.model.typesystem.Type com.github.javaparser.symbolsolver.model.typesystem.parametrization.TypeParameterValueProvider.useThisTypeParametersOnTheGivenType(com.github.javaparser.symbolsolver.model.typesystem.Type) -> com.github.javaparser.symbolsolver.model.declarations.TypeParameterDeclaration com.github.javaparser.symbolsolver.model.typesystem.Type.asTypeParameter() [TypeParameterValueProvider.java <26:59 26:73>]
REFERENCE_CALL: com.github.javaparser.symbolsolver.model.typesystem.Type com.github.javaparser.symbolsolver.model.typesystem.parametrization.TypeParameterValueProvider.useThisTypeParametersOnTheGivenType(com.github.javaparser.symbolsolver.model.typesystem.Type) -> boolean com.github.javaparser.symbolsolver.model.declarations.TypeParameterDeclaration.declaredOnType() [TypeParameterValueProvider.java <27:31 27:44>]
REFERENCE_TYPE_USAGE: com.github.javaparser.symbolsolver.model.typesystem.Type com.github.javaparser.symbolsolver.model.typesystem.parametrization.TypeParameterValueProvider.useThisTypeParametersOnTheGivenType(com.github.javaparser.symbolsolver.model.typesystem.Type) -> java.util.Optional<T> [TypeParameterValueProvider.java <28:17 28:24>]
REFERENCE_CALL: com.github.javaparser.symbolsolver.model.typesystem.Type com.github.javaparser.symbolsolver.model.typesystem.parametrization.TypeParameterValueProvider.useThisTypeParametersOnTheGivenType(com.github.javaparser.symbolsolver.model.typesystem.Type) -> java.util.Optional<com.github.javaparser.symbolsolver.model.typesystem.Type> com.github.javaparser.symbolsolver.model.typesystem.parametrization.TypeParameterValueProvider.typeParamValue(com.github.javaparser.symbolsolver.model.declarations.TypeParameterDeclaration) [TypeParameterValueProvider.java <28:44 28:57>]
REFERENCE_CALL: com.github.javaparser.symbolsolver.model.typesystem.Type com.github.javaparser.symbolsolver.model.typesystem.parametrization.TypeParameterValueProvider.useThisTypeParametersOnTheGivenType(com.github.javaparser.symbolsolver.model.typesystem.Type) -> boolean java.util.Optional<T>.isPresent() [TypeParameterValueProvider.java <29:31 29:39>]
REFERENCE_CALL: com.github.javaparser.symbolsolver.model.typesystem.Type com.github.javaparser.symbolsolver.model.typesystem.parametrization.TypeParameterValueProvider.useThisTypeParametersOnTheGivenType(com.github.javaparser.symbolsolver.model.typesystem.Type) -> java.util.Optional<T>.T java.util.Optional<T>.get() [TypeParameterValueProvider.java <30:38 30:40>]
REFERENCE_CALL: com.github.javaparser.symbolsolver.model.typesystem.Type com.github.javaparser.symbolsolver.model.typesystem.parametrization.TypeParameterValueProvider.useThisTypeParametersOnTheGivenType(com.github.javaparser.symbolsolver.model.typesystem.Type) -> boolean com.github.javaparser.symbolsolver.model.typesystem.Type.isWildcard() [TypeParameterValueProvider.java <35:18 35:27>]
REFERENCE_CALL: com.github.javaparser.symbolsolver.model.typesystem.Type com.github.javaparser.symbolsolver.model.typesystem.parametrization.TypeParameterValueProvider.useThisTypeParametersOnTheGivenType(com.github.javaparser.symbolsolver.model.typesystem.Type) -> boolean com.github.javaparser.symbolsolver.model.typesystem.Wildcard.isBounded() [TypeParameterValueProvider.java <35:52 35:60>]
REFERENCE_CALL: com.github.javaparser.symbolsolver.model.typesystem.Type com.github.javaparser.symbolsolver.model.typesystem.parametrization.TypeParameterValueProvider.useThisTypeParametersOnTheGivenType(com.github.javaparser.symbolsolver.model.typesystem.Type) -> com.github.javaparser.symbolsolver.model.typesystem.Wildcard com.github.javaparser.symbolsolver.model.typesystem.Type.asWildcard() [TypeParameterValueProvider.java <35:39 35:48>]
REFERENCE_CALL: com.github.javaparser.symbolsolver.model.typesystem.Type com.github.javaparser.symbolsolver.model.typesystem.parametrization.TypeParameterValueProvider.useThisTypeParametersOnTheGivenType(com.github.javaparser.symbolsolver.model.typesystem.Type) -> com.github.javaparser.symbolsolver.model.typesystem.Wildcard com.github.javaparser.symbolsolver.model.typesystem.Type.asWildcard() [TypeParameterValueProvider.java <36:22 36:31>]
REFERENCE_CALL: com.github.javaparser.symbolsolver.model.typesystem.Type com.github.javaparser.symbolsolver.model.typesystem.parametrization.TypeParameterValueProvider.useThisTypeParametersOnTheGivenType(com.github.javaparser.symbolsolver.model.typesystem.Type) -> com.github.javaparser.symbolsolver.model.typesystem.Wildcard com.github.javaparser.symbolsolver.model.typesystem.Type.asWildcard() [TypeParameterValueProvider.java <37:87 37:96>]
REFERENCE_CALL: com.github.javaparser.symbolsolver.model.typesystem.Type com.github.javaparser.symbolsolver.model.typesystem.parametrization.TypeParameterValueProvider.useThisTypeParametersOnTheGivenType(com.github.javaparser.symbolsolver.model.typesystem.Type) -> com.github.javaparser.symbolsolver.model.typesystem.Wildcard com.github.javaparser.symbolsolver.model.typesystem.Type.asWildcard() [TypeParameterValueProvider.java <39:85 39:94>]
REFERENCE_CALL: com.github.javaparser.symbolsolver.model.typesystem.Type com.github.javaparser.symbolsolver.model.typesystem.parametrization.TypeParameterValueProvider.useThisTypeParametersOnTheGivenType(com.github.javaparser.symbolsolver.model.typesystem.Type) -> boolean com.github.javaparser.symbolsolver.model.typesystem.Wildcard.isExtends() [TypeParameterValueProvider.java <36:35 36:43>]
REFERENCE_CALL: com.github.javaparser.symbolsolver.model.typesystem.Type com.github.javaparser.symbolsolver.model.typesystem.parametrization.TypeParameterValueProvider.useThisTypeParametersOnTheGivenType(com.github.javaparser.symbolsolver.model.typesystem.Type) -> static com.github.javaparser.symbolsolver.model.typesystem.Wildcard com.github.javaparser.symbolsolver.model.typesystem.Wildcard.extendsBound(com.github.javaparser.symbolsolver.model.typesystem.Type) [TypeParameterValueProvider.java <37:33 37:44>]
REFERENCE_CALL: com.github.javaparser.symbolsolver.model.typesystem.Type com.github.javaparser.symbolsolver.model.typesystem.parametrization.TypeParameterValueProvider.useThisTypeParametersOnTheGivenType(com.github.javaparser.symbolsolver.model.typesystem.Type) -> com.github.javaparser.symbolsolver.model.typesystem.Type com.github.javaparser.symbolsolver.model.typesystem.parametrization.TypeParameterValueProvider.useThisTypeParametersOnTheGivenType(com.github.javaparser.symbolsolver.model.typesystem.Type) [TypeParameterValueProvider.java <37:46 37:80>]
REFERENCE_CALL: com.github.javaparser.symbolsolver.model.typesystem.Type com.github.javaparser.symbolsolver.model.typesystem.parametrization.TypeParameterValueProvider.useThisTypeParametersOnTheGivenType(com.github.javaparser.symbolsolver.model.typesystem.Type) -> com.github.javaparser.symbolsolver.model.typesystem.Type com.github.javaparser.symbolsolver.model.typesystem.parametrization.TypeParameterValueProvider.useThisTypeParametersOnTheGivenType(com.github.javaparser.symbolsolver.model.typesystem.Type) [TypeParameterValueProvider.java <39:44 39:78>]
REFERENCE_CALL: com.github.javaparser.symbolsolver.model.typesystem.Type com.github.javaparser.symbolsolver.model.typesystem.parametrization.TypeParameterValueProvider.useThisTypeParametersOnTheGivenType(com.github.javaparser.symbolsolver.model.typesystem.Type) -> com.github.javaparser.symbolsolver.model.typesystem.Type com.github.javaparser.symbolsolver.model.typesystem.parametrization.TypeParameterValueProvider.useThisTypeParametersOnTheGivenType(com.github.javaparser.symbolsolver.model.typesystem.Type) [TypeParameterValueProvider.java <44:73 44:107>]
REFERENCE_CALL: com.github.javaparser.symbolsolver.model.typesystem.Type com.github.javaparser.symbolsolver.model.typesystem.parametrization.TypeParameterValueProvider.useThisTypeParametersOnTheGivenType(com.github.javaparser.symbolsolver.model.typesystem.Type) -> com.github.javaparser.symbolsolver.model.typesystem.Type com.github.javaparser.symbolsolver.model.typesystem.Wildcard.getBoundedType() [TypeParameterValueProvider.java <37:100 37:113>]
REFERENCE_CALL: com.github.javaparser.symbolsolver.model.typesystem.Type com.github.javaparser.symbolsolver.model.typesystem.parametrization.TypeParameterValueProvider.useThisTypeParametersOnTheGivenType(com.github.javaparser.symbolsolver.model.typesystem.Type) -> com.github.javaparser.symbolsolver.model.typesystem.Type com.github.javaparser.symbolsolver.model.typesystem.Wildcard.getBoundedType() [TypeParameterValueProvider.java <39:98 39:111>]
REFERENCE_CALL: com.github.javaparser.symbolsolver.model.typesystem.Type com.github.javaparser.symbolsolver.model.typesystem.parametrization.TypeParameterValueProvider.useThisTypeParametersOnTheGivenType(com.github.javaparser.symbolsolver.model.typesystem.Type) -> static com.github.javaparser.symbolsolver.model.typesystem.Wildcard com.github.javaparser.symbolsolver.model.typesystem.Wildcard.superBound(com.github.javaparser.symbolsolver.model.typesystem.Type) [TypeParameterValueProvider.java <39:33 39:42>]
REFERENCE_CALL: com.github.javaparser.symbolsolver.model.typesystem.Type com.github.javaparser.symbolsolver.model.typesystem.parametrization.TypeParameterValueProvider.useThisTypeParametersOnTheGivenType(com.github.javaparser.symbolsolver.model.typesystem.Type) -> boolean com.github.javaparser.symbolsolver.model.typesystem.Type.isReferenceType() [TypeParameterValueProvider.java <43:18 43:32>]
REFERENCE_CALL: com.github.javaparser.symbolsolver.model.typesystem.Type com.github.javaparser.symbolsolver.model.typesystem.parametrization.TypeParameterValueProvider.useThisTypeParametersOnTheGivenType(com.github.javaparser.symbolsolver.model.typesystem.Type) -> com.github.javaparser.symbolsolver.model.typesystem.Type com.github.javaparser.symbolsolver.model.typesystem.ReferenceType.transformTypeParameters(com.github.javaparser.symbolsolver.model.typesystem.TypeTransformer) [TypeParameterValueProvider.java <44:43 44:65>]
REFERENCE_CALL: com.github.javaparser.symbolsolver.model.typesystem.Type com.github.javaparser.symbolsolver.model.typesystem.parametrization.TypeParameterValueProvider.useThisTypeParametersOnTheGivenType(com.github.javaparser.symbolsolver.model.typesystem.Type) -> com.github.javaparser.symbolsolver.model.typesystem.ReferenceType com.github.javaparser.symbolsolver.model.typesystem.Type.asReferenceType() [TypeParameterValueProvider.java <44:25 44:39>]
REFERENCE_TYPE_USAGE: java.util.Optional<com.github.javaparser.symbolsolver.model.typesystem.Type> com.github.javaparser.symbolsolver.model.typesystem.parametrization.TypeParameterValueProvider.getGenericParameterByName(java.lang.String) -> java.util.Optional<T> [TypeParameterValueProvider.java <50:5 50:12>]
REFERENCE_TYPE_USAGE: java.util.Optional<com.github.javaparser.symbolsolver.model.typesystem.Type> com.github.javaparser.symbolsolver.model.typesystem.parametrization.TypeParameterValueProvider.getGenericParameterByName(java.lang.String) -> com.github.javaparser.symbolsolver.model.typesystem.Type [TypeParameterValueProvider.java <50:14 50:17>]
REFERENCE_TYPE_USAGE: java.util.Optional<com.github.javaparser.symbolsolver.model.typesystem.Type> com.github.javaparser.symbolsolver.model.typesystem.parametrization.TypeParameterValueProvider.getGenericParameterByName(java.lang.String) -> java.lang.String [TypeParameterValueProvider.java <50:46 50:51>]
LOCAL_SYMBOL: TypeParameterValueProvider.java<12:45> [TypeParameterValueProvider.java <12:45 12:45>]
LOCAL_SYMBOL: TypeParameterValueProvider.java<12:45> [TypeParameterValueProvider.java <51:1 51:1>]
LOCAL_SYMBOL: TypeParameterValueProvider.java<24:65> [TypeParameterValueProvider.java <24:65 24:65>]
LOCAL_SYMBOL: TypeParameterValueProvider.java<24:65> [TypeParameterValueProvider.java <48:5 48:5>]
LOCAL_SYMBOL: TypeParameterValueProvider.java<25:36> [TypeParameterValueProvider.java <25:36 25:36>]
LOCAL_SYMBOL: TypeParameterValueProvider.java<25:36> [TypeParameterValueProvider.java <33:9 33:9>]
LOCAL_SYMBOL: TypeParameterValueProvider.java<27:49> [TypeParameterValueProvider.java <27:49 27:49>]
LOCAL_SYMBOL: TypeParameterValueProvider.java<27:49> [TypeParameterValueProvider.java <32:13 32:13>]
LOCAL_SYMBOL: TypeParameterValueProvider.java<29:44> [TypeParameterValueProvider.java <29:44 29:44>]
LOCAL_SYMBOL: TypeParameterValueProvider.java<29:44> [TypeParameterValueProvider.java <31:17 31:17>]
LOCAL_SYMBOL: TypeParameterValueProvider.java<35:65> [TypeParameterValueProvider.java <35:65 35:65>]
LOCAL_SYMBOL: TypeParameterValueProvider.java<35:65> [TypeParameterValueProvider.java <41:9 41:9>]
LOCAL_SYMBOL: TypeParameterValueProvider.java<36:48> [TypeParameterValueProvider.java <36:48 36:48>]
LOCAL_SYMBOL: TypeParameterValueProvider.java<36:48> [TypeParameterValueProvider.java <38:13 38:13>]
LOCAL_SYMBOL: TypeParameterValueProvider.java<38:20> [TypeParameterValueProvider.java <38:20 38:20>]
LOCAL_SYMBOL: TypeParameterValueProvider.java<38:20> [TypeParameterValueProvider.java <40:13 40:13>]
LOCAL_SYMBOL: TypeParameterValueProvider.java<43:37> [TypeParameterValueProvider.java <43:37 43:37>]
LOCAL_SYMBOL: TypeParameterValueProvider.java<43:37> [TypeParameterValueProvider.java <45:9 45:9>]
LOCAL_SYMBOL: com.github.javaparser.symbolsolver.model.typesystem.TypeTransformer.transform<3> [TypeParameterValueProvider.java <44:67 44:68>]
LOCAL_SYMBOL: com.github.javaparser.symbolsolver.model.typesystem.TypeTransformer.transform<3> [TypeParameterValueProvider.java <44:109 44:110>]
LOCAL_SYMBOL: com.github.javaparser.symbolsolver.model.typesystem.parametrization.TypeParameterValueProvider.getGenericParameterByName<0> [TypeParameterValueProvider.java <50:53 50:56>]
LOCAL_SYMBOL: com.github.javaparser.symbolsolver.model.typesystem.parametrization.TypeParameterValueProvider.typeParamValue<0> [TypeParameterValueProvider.java <18:60 18:83>]
LOCAL_SYMBOL: com.github.javaparser.symbolsolver.model.typesystem.parametrization.TypeParameterValueProvider.useThisTypeParametersOnTheGivenType<0> [TypeParameterValueProvider.java <24:59 24:62>]
LOCAL_SYMBOL: com.github.javaparser.symbolsolver.model.typesystem.parametrization.TypeParameterValueProvider.useThisTypeParametersOnTheGivenType<0> [TypeParameterValueProvider.java <25:13 25:16>]
LOCAL_SYMBOL: com.github.javaparser.symbolsolver.model.typesystem.parametrization.TypeParameterValueProvider.useThisTypeParametersOnTheGivenType<0> [TypeParameterValueProvider.java <26:54 26:57>]
LOCAL_SYMBOL: com.github.javaparser.symbolsolver.model.typesystem.parametrization.TypeParameterValueProvider.useThisTypeParametersOnTheGivenType<0> [TypeParameterValueProvider.java <30:21 30:24>]
LOCAL_SYMBOL: com.github.javaparser.symbolsolver.model.typesystem.parametrization.TypeParameterValueProvider.useThisTypeParametersOnTheGivenType<0> [TypeParameterValueProvider.java <35:13 35:16>]
LOCAL_SYMBOL: com.github.javaparser.symbolsolver.model.typesystem.parametrization.TypeParameterValueProvider.useThisTypeParametersOnTheGivenType<0> [TypeParameterValueProvider.java <35:34 35:37>]
LOCAL_SYMBOL: com.github.javaparser.symbolsolver.model.typesystem.parametrization.TypeParameterValueProvider.useThisTypeParametersOnTheGivenType<0> [TypeParameterValueProvider.java <36:17 36:20>]
LOCAL_SYMBOL: com.github.javaparser.symbolsolver.model.typesystem.parametrization.TypeParameterValueProvider.useThisTypeParametersOnTheGivenType<0> [TypeParameterValueProvider.java <37:82 37:85>]
LOCAL_SYMBOL: com.github.javaparser.symbolsolver.model.typesystem.parametrization.TypeParameterValueProvider.useThisTypeParametersOnTheGivenType<0> [TypeParameterValueProvider.java <39:80 39:83>]
LOCAL_SYMBOL: com.github.javaparser.symbolsolver.model.typesystem.parametrization.TypeParameterValueProvider.useThisTypeParametersOnTheGivenType<0> [TypeParameterValueProvider.java <43:13 43:16>]
LOCAL_SYMBOL: com.github.javaparser.symbolsolver.model.typesystem.parametrization.TypeParameterValueProvider.useThisTypeParametersOnTheGivenType<0> [TypeParameterValueProvider.java <44:13 44:16>]
LOCAL_SYMBOL: com.github.javaparser.symbolsolver.model.typesystem.parametrization.TypeParameterValueProvider.useThisTypeParametersOnTheGivenType<0> [TypeParameterValueProvider.java <44:20 44:23>]
LOCAL_SYMBOL: com.github.javaparser.symbolsolver.model.typesystem.parametrization.TypeParameterValueProvider.useThisTypeParametersOnTheGivenType<0> [TypeParameterValueProvider.java <47:16 47:19>]
LOCAL_SYMBOL: com.github.javaparser.symbolsolver.model.typesystem.parametrization.TypeParameterValueProvider.useThisTypeParametersOnTheGivenType<1> [TypeParameterValueProvider.java <26:38 26:50>]
LOCAL_SYMBOL: com.github.javaparser.symbolsolver.model.typesystem.parametrization.TypeParameterValueProvider.useThisTypeParametersOnTheGivenType<1> [TypeParameterValueProvider.java <27:17 27:29>]
LOCAL_SYMBOL: com.github.javaparser.symbolsolver.model.typesystem.parametrization.TypeParameterValueProvider.useThisTypeParametersOnTheGivenType<1> [TypeParameterValueProvider.java <28:59 28:71>]
LOCAL_SYMBOL: com.github.javaparser.symbolsolver.model.typesystem.parametrization.TypeParameterValueProvider.useThisTypeParametersOnTheGivenType<2> [TypeParameterValueProvider.java <28:32 28:40>]
LOCAL_SYMBOL: com.github.javaparser.symbolsolver.model.typesystem.parametrization.TypeParameterValueProvider.useThisTypeParametersOnTheGivenType<2> [TypeParameterValueProvider.java <29:21 29:29>]
LOCAL_SYMBOL: com.github.javaparser.symbolsolver.model.typesystem.parametrization.TypeParameterValueProvider.useThisTypeParametersOnTheGivenType<2> [TypeParameterValueProvider.java <30:28 30:36>]
COMMENT: comment [TypeParameterValueProvider.java <9:1 11:3>]
COMMENT: comment [TypeParameterValueProvider.java <14:5 17:7>]
COMMENT: comment [TypeParameterValueProvider.java <20:5 23:7>]
